src/app/TableBoard.tsx(2553,6): error TS1128: Declaration or statement expected.
src/app/TableBoard.tsx(6167,24): error TS1381: Unexpected token. Did you mean `{'}'}` or `&rbrace;`?
